This is pdfTeX, Version 3.14159265-2.6-1.40.19 (TeX Live 2018) (preloaded format=pdflatex 2026.7.28)  4 SEP 2026 15:48
entering extended mode
 restricted \write18 enabled.
 %&-line parsing enabled.
**main.tex
(./main.tex
LaTeX2e <2017-04-15>
Babel <3.17> and hyphenation patterns for 3 language(s) loaded.
(./ieeeconf.cls
Document Class: ieeeconf 2016/4/23 revision V1.6b by Pradeep Misra
\@IEEEtrantmpdimenA=\dimen102
\@IEEEtrantmpdimenB=\dimen103
\@IEEEtrantmpcountA=\count79
\@IEEEtrantmpcountB=\count80
\@IEEEtrantmptoksA=\toks14
LaTeX Font Info:    Try loading font information for OT1+ptm on input line 794.

(/usr/share/texlive/texmf-dist/tex/latex/psnfss/ot1ptm.fd
File: ot1ptm.fd 2001/06/04 font definitions for OT1/ptm.
)
\@IEEEnormalsizefontbaselineskip=\skip41
-- This is a 10 point document.
\normalsizebaselineskip=\skip42
\normaljot=\skip43
LaTeX Font Info:    Font shape `OT1/ptm/bx/n' in size <5> not available
(Font)              Font shape `OT1/ptm/b/n' tried instead on input line 1113.
LaTeX Font Info:    Font shape `OT1/ptm/bx/it' in size <5> not available
(Font)              Font shape `OT1/ptm/b/it' tried instead on input line 1113.

LaTeX Font Info:    Font shape `OT1/ptm/bx/n' in size <7> not available
(Font)              Font shape `OT1/ptm/b/n' tried instead on input line 1113.
LaTeX Font Info:    Font shape `OT1/ptm/bx/it' in size <7> not available
(Font)              Font shape `OT1/ptm/b/it' tried instead on input line 1113.

LaTeX Font Info:    Font shape `OT1/ptm/bx/n' in size <8> not available
(Font)              Font shape `OT1/ptm/b/n' tried instead on input line 1113.
LaTeX Font Info:    Font shape `OT1/ptm/bx/it' in size <8> not available
(Font)              Font shape `OT1/ptm/b/it' tried instead on input line 1113.

LaTeX Font Info:    Font shape `OT1/ptm/bx/n' in size <9> not available
(Font)              Font shape `OT1/ptm/b/n' tried instead on input line 1113.
LaTeX Font Info:    Font shape `OT1/ptm/bx/it' in size <9> not available
(Font)              Font shape `OT1/ptm/b/it' tried instead on input line 1113.

LaTeX Font Info:    Font shape `OT1/ptm/bx/n' in size <10> not available
(Font)              Font shape `OT1/ptm/b/n' tried instead on input line 1113.
LaTeX Font Info:    Font shape `OT1/ptm/bx/it' in size <10> not available
(Font)              Font shape `OT1/ptm/b/it' tried instead on input line 1113.

LaTeX Font Info:    Font shape `OT1/ptm/bx/n' in size <11> not available
(Font)              Font shape `OT1/ptm/b/n' tried instead on input line 1113.
LaTeX Font Info:    Font shape `OT1/ptm/bx/it' in size <11> not available
(Font)              Font shape `OT1/ptm/b/it' tried instead on input line 1113.

LaTeX Font Info:    Font shape `OT1/ptm/bx/n' in size <12> not available
(Font)              Font shape `OT1/ptm/b/n' tried instead on input line 1113.
LaTeX Font Info:    Font shape `OT1/ptm/bx/it' in size <12> not available
(Font)              Font shape `OT1/ptm/b/it' tried instead on input line 1113.

LaTeX Font Info:    Font shape `OT1/ptm/bx/n' in size <16> not available
(Font)              Font shape `OT1/ptm/b/n' tried instead on input line 1113.
LaTeX Font Info:    Font shape `OT1/ptm/bx/it' in size <16> not available
(Font)              Font shape `OT1/ptm/b/it' tried instead on input line 1113.

LaTeX Font Info:    Font shape `OT1/ptm/bx/n' in size <20> not available
(Font)              Font shape `OT1/ptm/b/n' tried instead on input line 1113.
LaTeX Font Info:    Font shape `OT1/ptm/bx/it' in size <20> not available
(Font)              Font shape `OT1/ptm/b/it' tried instead on input line 1113.

LaTeX Font Info:    Font shape `OT1/ptm/bx/n' in size <24> not available
(Font)              Font shape `OT1/ptm/b/n' tried instead on input line 1113.
LaTeX Font Info:    Font shape `OT1/ptm/bx/it' in size <24> not available
(Font)              Font shape `OT1/ptm/b/it' tried instead on input line 1113.

\IEEEilabelindentA=\dimen104
\IEEEilabelindentB=\dimen105
\IEEEilabelindent=\dimen106
\IEEEelabelindent=\dimen107
\IEEEdlabelindent=\dimen108
\labelindent=\dimen109
\IEEEiednormlabelsep=\dimen110
\IEEEiedmathlabelsep=\dimen111
\IEEEiedtopsep=\skip44
\c@section=\count81
\c@subsection=\count82
\c@subsubsection=\count83
\c@paragraph=\count84
\c@IEEEsubequation=\count85
\abovecaptionskip=\skip45
\belowcaptionskip=\skip46
\c@figure=\count86
\c@table=\count87
\@IEEEeqnnumcols=\count88
\@IEEEeqncolcnt=\count89
\@IEEEtmpitemindent=\dimen112
\c@biography=\count90
\@IEEEtranrubishbin=\box26
)
** ATTENTION: Overriding command lockouts (line 59).
** ATTENTION: Overriding IEEE standard margins (line 61).
(/usr/share/texlive/texmf-dist/tex/latex/amsmath/amsmath.sty
Package: amsmath 2017/09/02 v2.17a AMS math features
\@mathmargin=\skip47
For additional information on amsmath, use the `?' option.
(/usr/share/texlive/texmf-dist/tex/latex/amsmath/amstext.sty
Package: amstext 2000/06/29 v2.01 AMS text
(/usr/share/texlive/texmf-dist/tex/latex/amsmath/amsgen.sty
File: amsgen.sty 1999/11/30 v2.0 generic functions
\@emptytoks=\toks15
\ex@=\dimen113
)) (/usr/share/texlive/texmf-dist/tex/latex/amsmath/amsbsy.sty
Package: amsbsy 1999/11/29 v1.2d Bold Symbols
\pmbraise@=\dimen114
) (/usr/share/texlive/texmf-dist/tex/latex/amsmath/amsopn.sty
Package: amsopn 2016/03/08 v2.02 operator names
)
\inf@bad=\count91
LaTeX Info: Redefining \frac on input line 213.
\uproot@=\count92
\leftroot@=\count93
LaTeX Info: Redefining \overline on input line 375.
\classnum@=\count94
\DOTSCASE@=\count95
LaTeX Info: Redefining \ldots on input line 472.
LaTeX Info: Redefining \dots on input line 475.
LaTeX Info: Redefining \cdots on input line 596.
\Mathstrutbox@=\box27
\strutbox@=\box28
\big@size=\dimen115
LaTeX Font Info:    Redeclaring font encoding OML on input line 712.
LaTeX Font Info:    Redeclaring font encoding OMS on input line 713.
\macc@depth=\count96
\c@MaxMatrixCols=\count97
\dotsspace@=\muskip10
\c@parentequation=\count98
\dspbrk@lvl=\count99
\tag@help=\toks16
\row@=\count100
\column@=\count101
\maxfields@=\count102
\andhelp@=\toks17
\eqnshift@=\dimen116
\alignsep@=\dimen117
\tagshift@=\dimen118
\tagwidth@=\dimen119
\totwidth@=\dimen120
\lineht@=\dimen121
\@envbody=\toks18
\multlinegap=\skip48
\multlinetaggap=\skip49
\mathdisplay@stack=\toks19
LaTeX Info: Redefining \[ on input line 2817.
LaTeX Info: Redefining \] on input line 2818.
) (/usr/share/texlive/texmf-dist/tex/latex/tools/array.sty
Package: array 2016/10/06 v2.4d Tabular extension package (FMi)
\col@sep=\dimen122
\extrarowheight=\dimen123
\NC@list=\toks20
\extratabsurround=\skip50
\backup@length=\skip51
) (/usr/share/texlive/texmf-dist/tex/latex/pdfpages/pdfpages.sty
Package: pdfpages 2017/08/14 v0.5k Insert pages of external PDF documents (AM)
(/usr/share/texlive/texmf-dist/tex/latex/base/ifthen.sty
Package: ifthen 2014/09/29 v1.1c Standard LaTeX ifthen package (DPC)
) (/usr/share/texlive/texmf-dist/tex/latex/tools/calc.sty
Package: calc 2014/10/28 v4.3 Infix arithmetic (KKT,FJ)
\calc@Acount=\count103
\calc@Bcount=\count104
\calc@Adimen=\dimen124
\calc@Bdimen=\dimen125
\calc@Askip=\skip52
\calc@Bskip=\skip53
LaTeX Info: Redefining \setlength on input line 80.
LaTeX Info: Redefining \addtolength on input line 81.
\calc@Ccount=\count105
\calc@Cskip=\skip54
) (/usr/share/texlive/texmf-dist/tex/latex/eso-pic/eso-pic.sty
Package: eso-pic 2015/07/21 v2.0g eso-pic (RN)
(/usr/share/texlive/texmf-dist/tex/generic/oberdiek/atbegshi.sty
Package: atbegshi 2016/06/09 v1.18 At begin shipout hook (HO)
(/usr/share/texlive/texmf-dist/tex/generic/oberdiek/infwarerr.sty
Package: infwarerr 2016/05/16 v1.4 Providing info/warning/error messages (HO)
) (/usr/share/texlive/texmf-dist/tex/generic/oberdiek/ltxcmds.sty
Package: ltxcmds 2016/05/16 v1.23 LaTeX kernel commands for general use (HO)
) (/usr/share/texlive/texmf-dist/tex/generic/oberdiek/ifpdf.sty
Package: ifpdf 2017/03/15 v3.2 Provides the ifpdf switch
)) (/usr/share/texlive/texmf-dist/tex/latex/graphics/keyval.sty
Package: keyval 2014/10/28 v1.15 key=value parser (DPC)
\KV@toks@=\toks21
) (/usr/share/texlive/texmf-dist/tex/latex/xcolor/xcolor.sty
Package: xcolor 2016/05/11 v2.12 LaTeX color extensions (UK)
(/usr/share/texlive/texmf-dist/tex/latex/graphics-cfg/color.cfg
File: color.cfg 2016/01/02 v1.6 sample color configuration
)
Package xcolor Info: Driver file: pdftex.def on input line 225.
(/usr/share/texlive/texmf-dist/tex/latex/graphics-def/pdftex.def
File: pdftex.def 2017/06/24 v1.0g Graphics/color driver for pdftex
)
Package xcolor Info: Model `cmy' substituted by `cmy0' on input line 1348.
Package xcolor Info: Model `hsb' substituted by `rgb' on input line 1352.
Package xcolor Info: Model `RGB' extended on input line 1364.
Package xcolor Info: Model `HTML' substituted by `rgb' on input line 1366.
Package xcolor Info: Model `Hsb' substituted by `hsb' on input line 1367.
Package xcolor Info: Model `tHsb' substituted by `hsb' on input line 1368.
Package xcolor Info: Model `HSB' substituted by `hsb' on input line 1369.
Package xcolor Info: Model `Gray' substituted by `gray' on input line 1370.
Package xcolor Info: Model `wave' substituted by `hsb' on input line 1371.
)) (/usr/share/texlive/texmf-dist/tex/latex/graphics/graphicx.sty
Package: graphicx 2017/06/01 v1.1a Enhanced LaTeX Graphics (DPC,SPQR)
(/usr/share/texlive/texmf-dist/tex/latex/graphics/graphics.sty
Package: graphics 2017/06/25 v1.2c Standard LaTeX Graphics (DPC,SPQR)
(/usr/share/texlive/texmf-dist/tex/latex/graphics/trig.sty
Package: trig 2016/01/03 v1.10 sin cos tan (DPC)
) (/usr/share/texlive/texmf-dist/tex/latex/graphics-cfg/graphics.cfg
File: graphics.cfg 2016/06/04 v1.11 sample graphics configuration
)
Package graphics Info: Driver file: pdftex.def on input line 99.
)
\Gin@req@height=\dimen126
\Gin@req@width=\dimen127
)
\AM@pagewidth=\dimen128
\AM@pageheight=\dimen129
(/usr/share/texlive/texmf-dist/tex/latex/pdfpages/pppdftex.def
File: pppdftex.def 2017/08/14 v0.5k Pdfpages driver for pdfTeX (AM)
)
\AM@pagebox=\box29
\AM@global@opts=\toks22
\AM@toc@title=\toks23
\c@AM@survey=\count106
\AM@templatesizebox=\box30
) (/usr/share/texlive/texmf-dist/tex/latex/cite/cite.sty
LaTeX Info: Redefining \cite on input line 302.
LaTeX Info: Redefining \nocite on input line 332.
Package: cite 2015/02/27  v 5.5
) (/usr/share/texlive/texmf-dist/tex/latex/url/url.sty
\Urlmuskip=\muskip11
Package: url 2013/09/16  ver 3.4  Verb mode for urls, etc.
) (/usr/share/texlive/texmf-dist/tex/latex/tools/tabularx.sty
Package: tabularx 2016/02/03 v2.11 `tabularx' package (DPC)
\TX@col@width=\dimen130
\TX@old@table=\dimen131
\TX@old@col=\dimen132
\TX@target=\dimen133
\TX@delta=\dimen134
\TX@cols=\count107
\TX@ftn=\toks24
) (/tmp/end2race-tex-gLG3mj/multirow/multirow.sty
Package: multirow 2024/11/12 v2.9 Span multiple rows of a table
\multirow@colwidth=\skip55
\multirow@cntb=\count108
\multirow@dima=\skip56
\bigstrutjot=\dimen135
) (/usr/share/texlive/texmf-dist/tex/latex/amsfonts/amsfonts.sty
Package: amsfonts 2013/01/14 v3.01 Basic AMSFonts support
\symAMSa=\mathgroup4
\symAMSb=\mathgroup5
LaTeX Font Info:    Overwriting math alphabet `\mathfrak' in version `bold'
(Font)                  U/euf/m/n --> U/euf/b/n on input line 106.
) (/usr/share/texlive/texmf-dist/tex/latex/psnfss/pifont.sty
Package: pifont 2005/04/12 PSNFSS-v9.2a Pi font support (SPQR) 
LaTeX Font Info:    Try loading font information for U+pzd on input line 63.
(/usr/share/texlive/texmf-dist/tex/latex/psnfss/upzd.fd
File: upzd.fd 2001/06/04 font definitions for U/pzd.
)
LaTeX Font Info:    Try loading font information for U+psy on input line 64.
(/usr/share/texlive/texmf-dist/tex/latex/psnfss/upsy.fd
File: upsy.fd 2001/06/04 font definitions for U/psy.
)) (./main.aux)
\openout1 = `main.aux'.

LaTeX Font Info:    Checking defaults for OML/cmm/m/it on input line 83.
LaTeX Font Info:    ... okay on input line 83.
LaTeX Font Info:    Checking defaults for T1/cmr/m/n on input line 83.
LaTeX Font Info:    ... okay on input line 83.
LaTeX Font Info:    Checking defaults for OT1/cmr/m/n on input line 83.
LaTeX Font Info:    ... okay on input line 83.
LaTeX Font Info:    Checking defaults for OMS/cmsy/m/n on input line 83.
LaTeX Font Info:    ... okay on input line 83.
LaTeX Font Info:    Checking defaults for OMX/cmex/m/n on input line 83.
LaTeX Font Info:    ... okay on input line 83.
LaTeX Font Info:    Checking defaults for U/cmr/m/n on input line 83.
LaTeX Font Info:    ... okay on input line 83.
\AtBeginShipoutBox=\box31
(/usr/share/texlive/texmf-dist/tex/context/base/mkii/supp-pdf.mkii
[Loading MPS to PDF converter (version 2006.09.02).]
\scratchcounter=\count109
\scratchdimen=\dimen136
\scratchbox=\box32
\nofMPsegments=\count110
\nofMParguments=\count111
\everyMPshowfont=\toks25
\MPscratchCnt=\count112
\MPscratchDim=\dimen137
\MPnumerator=\count113
\makeMPintoPDFobject=\count114
\everyMPtoPDFconversion=\toks26
) (/usr/share/texlive/texmf-dist/tex/latex/oberdiek/epstopdf-base.sty
Package: epstopdf-base 2016/05/15 v2.6 Base part for package epstopdf
(/usr/share/texlive/texmf-dist/tex/latex/oberdiek/grfext.sty
Package: grfext 2016/05/16 v1.2 Manage graphics extensions (HO)
(/usr/share/texlive/texmf-dist/tex/generic/oberdiek/kvdefinekeys.sty
Package: kvdefinekeys 2016/05/16 v1.4 Define keys (HO)
)) (/usr/share/texlive/texmf-dist/tex/latex/oberdiek/kvoptions.sty
Package: kvoptions 2016/05/16 v3.12 Key value format for package options (HO)
(/usr/share/texlive/texmf-dist/tex/generic/oberdiek/kvsetkeys.sty
Package: kvsetkeys 2016/05/16 v1.17 Key value parser (HO)
(/usr/share/texlive/texmf-dist/tex/generic/oberdiek/etexcmds.sty
Package: etexcmds 2016/05/16 v1.6 Avoid name clashes with e-TeX commands (HO)
(/usr/share/texlive/texmf-dist/tex/generic/oberdiek/ifluatex.sty
Package: ifluatex 2016/05/16 v1.4 Provides the ifluatex switch (HO)
Package ifluatex Info: LuaTeX not detected.
)
Package etexcmds Info: Could not find \expanded.
(etexcmds)             That can mean that you are not using pdfTeX 1.50 or
(etexcmds)             that some package has redefined \expanded.
(etexcmds)             In the latter case, load this package earlier.
))) (/usr/share/texlive/texmf-dist/tex/generic/oberdiek/pdftexcmds.sty
Package: pdftexcmds 2017/03/19 v0.25 Utility functions of pdfTeX for LuaTeX (HO
)
Package pdftexcmds Info: LuaTeX not detected.
Package pdftexcmds Info: \pdf@primitive is available.
Package pdftexcmds Info: \pdf@ifprimitive is available.
Package pdftexcmds Info: \pdfdraftmode found.
)
Package epstopdf-base Info: Redefining graphics rule for `.eps' on input line 4
38.
Package grfext Info: Graphics extension search list:
(grfext)             [.pdf,.png,.jpg,.mps,.jpeg,.jbig2,.jb2,.PDF,.PNG,.JPG,.JPE
G,.JBIG2,.JB2,.eps]
(grfext)             \AppendGraphicsExtensions on input line 456.
(/usr/share/texlive/texmf-dist/tex/latex/latexconfig/epstopdf-sys.cfg
File: epstopdf-sys.cfg 2010/07/13 v1.3 Configuration of (r)epstopdf for TeX Liv
e
)) (/usr/share/texlive/texmf-dist/tex/latex/oberdiek/pdflscape.sty
Package: pdflscape 2016/05/14 v0.11 Display of landscape pages in PDF (HO)
(/usr/share/texlive/texmf-dist/tex/latex/graphics/lscape.sty
Package: lscape 2000/10/22 v3.01 Landscape Pages (DPC)
)
Package pdflscape Info: Auto-detected driver: pdftex on input line 81.
(/usr/share/texlive/texmf-dist/tex/generic/ifxetex/ifxetex.sty
Package: ifxetex 2010/09/12 v0.6 Provides ifxetex conditional
))
LaTeX Font Info:    Calculating math sizes for size <11> on input line 130.
LaTeX Font Info:    Try loading font information for U+msa on input line 130.
(/usr/share/texlive/texmf-dist/tex/latex/amsfonts/umsa.fd
File: umsa.fd 2013/01/14 v3.01 AMS symbols A
)
LaTeX Font Info:    Try loading font information for U+msb on input line 130.
(/usr/share/texlive/texmf-dist/tex/latex/amsfonts/umsb.fd
File: umsb.fd 2013/01/14 v3.01 AMS symbols B
)
Missing character: There is no ‚ in font ptmr7t!
Missing character: There is no Ä in font ptmr7t!
Missing character: There is no † in font ptmr7t!
Missing character: There is no ‚ in font ptmr7t!
Missing character: There is no Ä in font ptmr7t!
Missing character: There is no † in font ptmr7t!
Missing character: There is no ‚ in font ptmr7t!
Missing character: There is no Ä in font ptmr7t!
Missing character: There is no † in font ptmr7t!
Missing character: There is no ‚ in font ptmr7t!
Missing character: There is no Ä in font ptmr7t!
Missing character: There is no † in font ptmr7t!
Missing character: There is no ‚ in font ptmr7t!
Missing character: There is no Ä in font ptmr7t!
Missing character: There is no † in font ptmr7t!


pdfTeX warning: pdflatex (file ./figures/fig1/scenario.pdf): PDF inclusion: fou
nd PDF version <1.7>, but at most version <1.5> allowed
<figures/fig1/scenario.pdf, id=1, pagebox=cropbox, 505.89pt x 303.534pt>
File: figures/fig1/scenario.pdf Graphic file (type pdf)
<use figures/fig1/scenario.pdf>
Package pdftex.def Info: figures/fig1/scenario.pdf  used on input line 154. on 
input line 154.
Package pdftex.def Info: Requested size: 233.43144pt x 140.05806pt on input lin
e 154.
[1{/usr/share/texlive/texmf-dist/fonts/map/pdftex/updmap/pdftex.map}


 <./figures/fig1/scenario.pdf>]
<figures/fig2/overview.jpg, id=24, 2369.85374pt x 880.03781pt>
File: figures/fig2/overview.jpg Graphic file (type jpg)
<use figures/fig2/overview.jpg>
Package pdftex.def Info: figures/fig2/overview.jpg  used on input line 205. on 
input line 205.
Package pdftex.def Info: Requested size: 505.89pt x 187.84818pt on input line 2
05.
[2]
Underfull \vbox (badness 1968) has occurred while \output is active []


Overfull \hbox (1.28911pt too wide) detected at line 282
\OMS/cmsy/m/n/10 J\OT1/cmr/m/n/10 (\OML/cmm/m/it/10 ^^\\OT1/cmr/m/n/10 ) = [] [
] [] + \OML/cmm/m/it/10 ^^U[] [] [][]
 []

[3 <./figures/fig2/overview.jpg>]
<figures/fig3/expert-demo-1.png, id=38, 975.645pt x 975.645pt>
File: figures/fig3/expert-demo-1.png Graphic file (type png)
<use figures/fig3/expert-demo-1.png>
Package pdftex.def Info: figures/fig3/expert-demo-1.png  used on input line 290
. on input line 290.
Package pdftex.def Info: Requested size: 77.4018pt x 77.39816pt on input line 2
90.
<figures/fig3/expert-demo-2.png, id=39, 975.645pt x 975.645pt>
File: figures/fig3/expert-demo-2.png Graphic file (type png)
<use figures/fig3/expert-demo-2.png>
Package pdftex.def Info: figures/fig3/expert-demo-2.png  used on input line 291
. on input line 291.
Package pdftex.def Info: Requested size: 77.4018pt x 77.39816pt on input line 2
91.
<figures/fig3/expert-demo-3.png, id=40, 975.645pt x 975.645pt>
File: figures/fig3/expert-demo-3.png Graphic file (type png)
<use figures/fig3/expert-demo-3.png>
Package pdftex.def Info: figures/fig3/expert-demo-3.png  used on input line 292
. on input line 292.
Package pdftex.def Info: Requested size: 77.4018pt x 77.39816pt on input line 2
92.
[4 <./figures/fig3/expert-demo-1.png (PNG copy)> <./figures/fig3/expert-demo-2.
png (PNG copy)> <./figures/fig3/expert-demo-3.png (PNG copy)>]
<figures/fig4/bc-training.pdf, id=46, pagebox=cropbox, 126.4725pt x 97.5645pt>
File: figures/fig4/bc-training.pdf Graphic file (type pdf)
<use figures/fig4/bc-training.pdf>
Package pdftex.def Info: figures/fig4/bc-training.pdf  used on input line 410. 
on input line 410.
Package pdftex.def Info: Requested size: 120.40321pt x 92.88373pt on input line
 410.
<figures/fig4/ppo-training.pdf, id=47, pagebox=cropbox, 126.4725pt x 97.5645pt>

File: figures/fig4/ppo-training.pdf Graphic file (type pdf)
<use figures/fig4/ppo-training.pdf>
Package pdftex.def Info: figures/fig4/ppo-training.pdf  used on input line 415.
 on input line 415.
Package pdftex.def Info: Requested size: 120.40321pt x 92.88373pt on input line
 415.
[5 <./figures/fig4/bc-training.pdf> <./figures/fig4/ppo-training.pdf>]
<figures/fig5/overtake-1-frame-1.png, id=74, 975.645pt x 975.645pt>
File: figures/fig5/overtake-1-frame-1.png Graphic file (type png)
<use figures/fig5/overtake-1-frame-1.png>
Package pdftex.def Info: figures/fig5/overtake-1-frame-1.png  used on input lin
e 438. on input line 438.
Package pdftex.def Info: Requested size: 79.00645pt x 79.00597pt on input line 
438.
<figures/fig5/overtake-1-frame-2.png, id=75, 975.645pt x 975.645pt>
File: figures/fig5/overtake-1-frame-2.png Graphic file (type png)
<use figures/fig5/overtake-1-frame-2.png>
Package pdftex.def Info: figures/fig5/overtake-1-frame-2.png  used on input lin
e 440. on input line 440.
Package pdftex.def Info: Requested size: 79.00645pt x 79.00597pt on input line 
440.
<figures/fig5/overtake-1-frame-3.png, id=76, 975.645pt x 975.645pt>
File: figures/fig5/overtake-1-frame-3.png Graphic file (type png)
<use figures/fig5/overtake-1-frame-3.png>
Package pdftex.def Info: figures/fig5/overtake-1-frame-3.png  used on input lin
e 442. on input line 442.
Package pdftex.def Info: Requested size: 79.00645pt x 79.00597pt on input line 
442.
<figures/fig5/overtake-2-frame-1.png, id=77, 975.645pt x 975.645pt>
File: figures/fig5/overtake-2-frame-1.png Graphic file (type png)
<use figures/fig5/overtake-2-frame-1.png>
Package pdftex.def Info: figures/fig5/overtake-2-frame-1.png  used on input lin
e 448. on input line 448.
Package pdftex.def Info: Requested size: 79.00645pt x 79.00597pt on input line 
448.
<figures/fig5/overtake-2-frame-2.png, id=78, 975.645pt x 975.645pt>
File: figures/fig5/overtake-2-frame-2.png Graphic file (type png)
<use figures/fig5/overtake-2-frame-2.png>
Package pdftex.def Info: figures/fig5/overtake-2-frame-2.png  used on input lin
e 450. on input line 450.
Package pdftex.def Info: Requested size: 79.00645pt x 79.00597pt on input line 
450.
<figures/fig5/overtake-2-frame-3.png, id=79, 975.645pt x 975.645pt>
File: figures/fig5/overtake-2-frame-3.png Graphic file (type png)
<use figures/fig5/overtake-2-frame-3.png>
Package pdftex.def Info: figures/fig5/overtake-2-frame-3.png  used on input lin
e 452. on input line 452.
Package pdftex.def Info: Requested size: 79.00645pt x 79.00597pt on input line 
452.
<figures/fig5/follow-frame-1.png, id=80, 975.645pt x 975.645pt>
File: figures/fig5/follow-frame-1.png Graphic file (type png)
<use figures/fig5/follow-frame-1.png>
Package pdftex.def Info: figures/fig5/follow-frame-1.png  used on input line 46
0. on input line 460.
Package pdftex.def Info: Requested size: 79.00645pt x 79.00597pt on input line 
460.
<figures/fig5/follow-frame-2.png, id=81, 975.645pt x 975.645pt>
File: figures/fig5/follow-frame-2.png Graphic file (type png)
<use figures/fig5/follow-frame-2.png>
Package pdftex.def Info: figures/fig5/follow-frame-2.png  used on input line 46
2. on input line 462.
Package pdftex.def Info: Requested size: 79.00645pt x 79.00597pt on input line 
462.
<figures/fig5/follow-frame-3.png, id=82, 975.645pt x 975.645pt>
File: figures/fig5/follow-frame-3.png Graphic file (type png)
<use figures/fig5/follow-frame-3.png>
Package pdftex.def Info: figures/fig5/follow-frame-3.png  used on input line 46
4. on input line 464.
Package pdftex.def Info: Requested size: 79.00645pt x 79.00597pt on input line 
464.
<figures/fig5/collision-frame-1.png, id=83, 975.645pt x 975.645pt>
File: figures/fig5/collision-frame-1.png Graphic file (type png)
<use figures/fig5/collision-frame-1.png>
Package pdftex.def Info: figures/fig5/collision-frame-1.png  used on input line
 470. on input line 470.
Package pdftex.def Info: Requested size: 79.00645pt x 79.00597pt on input line 
470.
<figures/fig5/collision-frame-2.png, id=84, 975.645pt x 975.645pt>
File: figures/fig5/collision-frame-2.png Graphic file (type png)
<use figures/fig5/collision-frame-2.png>
Package pdftex.def Info: figures/fig5/collision-frame-2.png  used on input line
 472. on input line 472.
Package pdftex.def Info: Requested size: 79.00645pt x 79.00597pt on input line 
472.
<figures/fig5/collision-frame-3.png, id=85, 975.645pt x 975.645pt>
File: figures/fig5/collision-frame-3.png Graphic file (type png)
<use figures/fig5/collision-frame-3.png>
Package pdftex.def Info: figures/fig5/collision-frame-3.png  used on input line
 474. on input line 474.
Package pdftex.def Info: Requested size: 79.00645pt x 79.00597pt on input line 
474.
[6] (./main.bbl
Underfull \hbox (badness 1371) in paragraph at lines 12--14
[]\OT1/ptm/m/n/8 Intel Cor-po-ra-tion, \OT1/ptm/m/it/8 In-tel Re-alSense D400 S
e-ries Prod-uct Fam-ily
 []

[7 <./figures/fig5/overtake-1-frame-1.png (PNG copy)> <./figures/fig5/overtake-
1-frame-2.png (PNG copy)> <./figures/fig5/overtake-1-frame-3.png (PNG copy)> <.
/figures/fig5/overtake-2-frame-1.png (PNG copy)> <./figures/fig5/overtake-2-fra
me-2.png (PNG copy)> <./figures/fig5/overtake-2-frame-3.png (PNG copy)> <./figu
res/fig5/follow-frame-1.png (PNG copy)> <./figures/fig5/follow-frame-2.png (PNG
 copy)> <./figures/fig5/follow-frame-3.png (PNG copy)> <./figures/fig5/collisio
n-frame-1.png (PNG copy)> <./figures/fig5/collision-frame-2.png (PNG copy)> <./
figures/fig5/collision-frame-3.png (PNG copy)>]
Underfull \hbox (badness 7362) in paragraph at lines 26--30
[]\OT1/ptm/m/n/8 A. Heilmeier, A. Wis-chnewski, L. Her-mans-dor-fer, J. Betz,
 []

Missing character: There is no ‚ in font ptmr7t!
Missing character: There is no Ä in font ptmr7t!
Missing character: There is no ú in font ptmr7t!
Missing character: There is no ‚ in font ptmr7t!
Missing character: There is no Ä in font ptmr7t!
Missing character: There is no ù in font ptmr7t!
Missing character: There is no √ in font ptmr7t!
Missing character: There is no ° in font ptmr7t!

Underfull \hbox (badness 1776) in paragraph at lines 162--165
\OT1/ptm/m/n/8 trol: Learn-ing be-hav-iors by la-tent imag-i-na-tion,'' \OT1/pt
m/m/it/8 arXiv preprint
 []

Missing character: There is no √ in font ptmr7t!
Missing character: There is no ∂ in font ptmr7t!
)

** Conference Paper **
Before submitting the final camera ready copy, remember to:

 1. Manually equalize the lengths of two columns on the last page
 of your paper;

 2. Ensure that any PostScript and/or PDF output post-processing
 uses only Type 1 fonts and that every step in the generation
 process uses the US letter (8.5in X 11in) paper size.

[8] (./main.aux) ) 
Here is how much of TeX's memory you used:
 4586 strings out of 494917
 67870 string characters out of 6180699
 141114 words of memory out of 5000000
 7761 multiletter control sequences out of 15000+600000
 54083 words of font info for 118 fonts, out of 8000000 for 9000
 14 hyphenation exceptions out of 8191
 41i,14n,39p,1500b,315s stack positions out of 5000i,500n,10000p,200000b,80000s
{/usr/share/texlive/texmf-dist/fonts/enc/dvips/base/8r.enc}</
usr/share/texlive/texmf-dist/fonts/type1/public/amsfonts/cm/cmbx10.pfb></usr/sh
are/texlive/texmf-dist/fonts/type1/public/amsfonts/cm/cmex10.pfb></usr/share/te
xlive/texmf-dist/fonts/type1/public/amsfonts/cm/cmmi10.pfb></usr/share/texlive/
texmf-dist/fonts/type1/public/amsfonts/cm/cmmi7.pfb></usr/share/texlive/texmf-d
ist/fonts/type1/public/amsfonts/cm/cmmi8.pfb></usr/share/texlive/texmf-dist/fon
ts/type1/public/amsfonts/cm/cmr10.pfb></usr/share/texlive/texmf-dist/fonts/type
1/public/amsfonts/cm/cmr6.pfb></usr/share/texlive/texmf-dist/fonts/type1/public
/amsfonts/cm/cmr7.pfb></usr/share/texlive/texmf-dist/fonts/type1/public/amsfont
s/cm/cmr8.pfb></usr/share/texlive/texmf-dist/fonts/type1/public/amsfonts/cm/cms
y10.pfb></usr/share/texlive/texmf-dist/fonts/type1/public/amsfonts/cm/cmsy7.pfb
></usr/share/texlive/texmf-dist/fonts/type1/urw/times/utmb8a.pfb></usr/share/te
xlive/texmf-dist/fonts/type1/urw/times/utmbi8a.pfb></usr/share/texlive/texmf-di
st/fonts/type1/urw/times/utmr8a.pfb></usr/share/texlive/texmf-dist/fonts/type1/
urw/times/utmri8a.pfb>
Output written on main.pdf (8 pages, 2824765 bytes).
PDF statistics:
 147 PDF objects out of 1000 (max. 8388607)
 88 compressed objects within 1 object stream
 0 named destinations out of 1000 (max. 500000)
 96 words of extra memory for PDF output out of 10000 (max. 10000000)

