Gym has been unmaintained since 2022 and does not support NumPy 2.0 amongst other critical functionality.
Please upgrade to Gymnasium, the maintained drop-in replacement of Gym, or contact the authors of your software and request that they upgrade.
See the migration guide at https://gymnasium.farama.org/introduction/migration_guide/ for additional information.
Using device: cuda
Sequence length: 320
Loaded 642 sequences
Train batches: 1
Resuming model 1/10 at epoch 1500
Single-agent evaluation: Austin
/home/zhijie/anaconda3/envs/end2race/lib/python3.11/site-packages/f110_gym/envs/base_classes.py:93: UserWarning: Chosen integrator is RK4. This is different from previous versions of the gym.
  warnings.warn(f"Chosen integrator is RK4. This is different from previous versions of the gym.")
Lap 1/1 completed in 62.26s
Successfully completed all 1 laps!

==================================================
LAP EVALUATION RESULTS
==================================================
Map: Austin
Target Laps: 1
Laps Completed: 1
Lap Progress: 1.00 laps
Time Elapsed: 62.3s
Average Speed: 6.730 m/s
Speed Variance: 1.097 m²/s²
Total Distance: 419.0 m

Lap Times: ['62.26s']
Mean Lap Time: 62.26s
Lap Time Variance: 0.000s²

Status: Successfully completed all laps
Single-agent evaluation: Hockenheim
Lap 1/1 completed in 51.91s
Successfully completed all 1 laps!

==================================================
LAP EVALUATION RESULTS
==================================================
Map: Hockenheim
Target Laps: 1
Laps Completed: 1
Lap Progress: 1.00 laps
Time Elapsed: 51.9s
Average Speed: 6.896 m/s
Speed Variance: 0.928 m²/s²
Total Distance: 357.9 m

Lap Times: ['51.91s']
Mean Lap Time: 51.91s
Lap Time Variance: 0.000s²

Status: Successfully completed all laps
Single-agent evaluation: MoscowRaceway
Lap 1/1 completed in 47.52s
Successfully completed all 1 laps!

==================================================
LAP EVALUATION RESULTS
==================================================
Map: MoscowRaceway
Target Laps: 1
Laps Completed: 1
Lap Progress: 1.00 laps
Time Elapsed: 47.5s
Average Speed: 6.733 m/s
Speed Variance: 0.812 m²/s²
Total Distance: 319.9 m

Lap Times: ['47.52s']
Mean Lap Time: 47.52s
Lap Time Variance: 0.000s²

Status: Successfully completed all laps
Single-agent evaluation: Nuerburgring
Lap 1/1 completed in 63.27s
Successfully completed all 1 laps!

==================================================
LAP EVALUATION RESULTS
==================================================
Map: Nuerburgring
Target Laps: 1
Laps Completed: 1
Lap Progress: 1.00 laps
Time Elapsed: 63.3s
Average Speed: 7.027 m/s
Speed Variance: 0.678 m²/s²
Total Distance: 444.6 m

Lap Times: ['63.27s']
Mean Lap Time: 63.27s
Lap Time Variance: 0.000s²

Status: Successfully completed all laps
Austin 720-scenario multi-agent evaluation
Evaluating 720 scenarios on Austin with 12 workers
Stopping early: 100/720 complete, 23 collisions (over 20% threshold)
Stopping early: 100/720 complete, 23 collisions (over 20% threshold)
Stopping early: 100/720 complete, 23 collisions (over 20% threshold)
Stopping early: 100/720 complete, 23 collisions (over 20% threshold)
Stopping early: 100/720 complete, 23 collisions (over 20% threshold)
Stopping early: 100/720 complete, 23 collisions (over 20% threshold)
Stopping early: 100/720 complete, 23 collisions (over 20% threshold)
Stopping early: 100/720 complete, 24 collisions (over 20% threshold)
Stopping early: 100/720 complete, 24 collisions (over 20% threshold)
Stopping early: 100/720 complete, 24 collisions (over 20% threshold)
Stopping early: 100/720 complete, 24 collisions (over 20% threshold)
Stopping early: 100/720 complete, 24 collisions (over 20% threshold)
Stopping early: 100/720 complete, 24 collisions (over 20% threshold)
Stopping early: 100/720 complete, 24 collisions (over 20% threshold)
Stopping early: 100/720 complete, 24 collisions (over 20% threshold)
Stopping early: 100/720 complete, 24 collisions (over 20% threshold)
Stopping early: 100/720 complete, 24 collisions (over 20% threshold)
Stopping early: 100/720 complete, 24 collisions (over 20% threshold)
Stopping early: 100/720 complete, 24 collisions (over 20% threshold)
Stopping early: 100/720 complete, 24 collisions (over 20% threshold)
Stopping early: 100/720 complete, 24 collisions (over 20% threshold)
Stopping early: 100/720 complete, 24 collisions (over 20% threshold)
Stopping early: 100/720 complete, 24 collisions (over 20% threshold)
Stopping early: 100/720 complete, 24 collisions (over 20% threshold)
Stopping early: 100/720 complete, 24 collisions (over 20% threshold)
Stopping early: 100/720 complete, 24 collisions (over 20% threshold)
Stopping early: 100/720 complete, 24 collisions (over 20% threshold)
Stopping early: 100/720 complete, 24 collisions (over 20% threshold)
Stopping early: 100/720 complete, 24 collisions (over 20% threshold)
Stopping early: 100/720 complete, 24 collisions (over 20% threshold)
Stopping early: 100/720 complete, 24 collisions (over 20% threshold)
Stopping early: 100/720 complete, 24 collisions (over 20% threshold)
Stopping early: 100/720 complete, 24 collisions (over 20% threshold)
Stopping early: 100/720 complete, 24 collisions (over 20% threshold)
Stopping early: 100/720 complete, 24 collisions (over 20% threshold)
Stopping early: 100/720 complete, 24 collisions (over 20% threshold)
Stopping early: 100/720 complete, 24 collisions (over 20% threshold)
Stopping early: 100/720 complete, 24 collisions (over 20% threshold)
Stopping early: 100/720 complete, 24 collisions (over 20% threshold)
Stopping early: 100/720 complete, 24 collisions (over 20% threshold)
Stopping early: 100/720 complete, 24 collisions (over 20% threshold)
